# Archlinux

> archlinux 安装及配置过程
> 知乎：
> 
> https://zhuanlan.zhihu.com/p/596227524
> https://zhuanlan.zhihu.com/p/568981775#ref_17


## 1.安装前准备

### 1.1.设置终端字体

```text
setfont ter-132b
```

### 1.2.连接网络

检查网络是否开启

```text
ip addr
```

有线网络

```text
dhcp
```

无线网络

```text
root@archiso ~ # iwctl
NetworkConfigurationEnabled: disabled
StateDirectory: /var/lib/iwd
Version: 1.xx
[iwd]#
```

退出输入quit

```text
[iwd]# device list
                        Devices
------------------------------------------------------
Name   Address            Powered  Adapter  Mode
------------------------------------------------------
wlan0  xx:xx:xx:xx:xx:xx  on       phy0     station
```

扫描网络

```text
[iwd]# station wlan0 scan  # 扫描网络，请将 wlan0 换成您的设备名称
[iwd]# station wlan0 get-networks  # 输出扫描结果，请将 wlan0 换成您的设备名称
          Available Networks
------------------------------------
Network name    Security    Signal
------------------------------------
mySSID          psk         ****
```

```text
[iwd]# station wlan0 connect "mySSID"  # 连接网络，请将 wlan0 换成您的设备名称，mySSID 换成您的网络名称
Type the network passphrase for mySSID psk.
Passphrase: ********  # 输入密码
[iwd]# quit  # 退出 iwd 程序环境
```

### 1.3.更新系统时钟

连接网络以后，校准系统时间

```text
timedatectl
```

### 1.4.磁盘分区

| 挂载点    | 分区                       | 分区类型          | 建议大小               | 备注                    |
| --------- | -------------------------- | ----------------- | ---------------------- | ----------------------- |
| /mnt/boot | /dev/sda1 或/dev/nvme0n1p1 | EFI System        | 512 MiB                | ESP 分区                |
| /mnt      | /dev/sda2 或/dev/nvme0n1p2 | Linux x86-64 root | 100 GiB（至少 30 GiB） | Arch Linux 的根分区     |
| /mnt/home | /dev/sda3 或/dev/nvme0n1p3 | Linux home        | 剩余磁盘空间           | Arch Linux 的 home 分区 |

首先使用 `lsblk` 或 `fdisk -l` 查看分区信息。您将看到许多设备，请注意根据容量大小和分区数量进行区分，例如

```text
root@archiso ~ # lsblk
NAME           MAJ:MIN  RM    SIZE  RO  TYPE  MOUNTPOINT
loop0            7:0     0  688.2M   1  loop  /run/archiso/airootfs  # loop0 可以忽略
sda              8:0     0  931.5G   0  disk  # sda 是要安装 Arch Linux 的硬盘，请记住设备名
├─sda1           8:1     0    512M   0  part
└─sda2           8:2     0    931G   0  part
sdb              8:16    1   59.8G   0  disk  # sdb 是 U 盘，请忽略
├─sdb1           8:17    1   59.7G   0  part
│   └ventoy    254:0     0  861.3M   1  dm    /run/archiso/bootmnt
└─sdb2           8:18    1     32M   0  part
```

```text
root@archiso ~ # fdisk /dev/sda  # 请将 sda 更换为您的设备名，如 nvme0n1

Welcome to fdisk (util-linux 2.xx).
Changes will remain in memory only, until you decide to write them.
Be careful before using the write command.

Command (m for help): p  # 输入 p 打印分区表，检查已有的分区。我们有 260 MiB 大小的 EFI 分区和 16 MiB 大小的 MSR 分区，以及 50 GiB 大小的 C 盘和 D 盘

Disk /dev/sda: 150.6 GiB, 161705518592 bytes, 315831091 sectors
Disk model: xxx
Units: sectors of 1 * 512 = 512 bytes
Sector size (logical/physical): 512 bytes / 4096 bytes
I/O size (minimum/optimal): 4096 bytes / 4096 bytes
Disklabel type: gpt
Disk identifier: xxxxxxxx-xxxx-xxxx-xxxx-xxxxxxxxxxxx

Device        Start        End   Sectors   Size  Type
/dev/sda1      2048     534527    532480   260M  EFI System
/dev/sda2    534528     567295     32768    16M  Microsoft reserved
/dev/sda3    567296  105424895 104857600    50G  Microsoft basic data
/dev/sda4 105424896  210282495 104857600    50G  Microsoft basic data

Command (m for help): n  # 输入 n 创建新的分区，这个分区将是根分区
Partition number (5-128, default 5):  # 分区编号保持默认，直接按 Enter
First sector (210282496-315831057, default 210282496):  # 第一个扇区，保持默认
Last sector, +/-sectors or +/-size{K,M,G,T,P} (210282496-315831057, default 315831057): +50G  # 创建 50 GiB 大小的根分区，您可以根据自己的硬盘空间决定根分区的大小

Created a new partition 5 of type 'Linux filesystem' and of size 50 GiB.

Command (m for help): t  # 输入 t 改变分区类型，请勿遗忘此步
Partition number (1-5, default 5):   # 保持默认
Partition type or alias (type L to list all): 23  # 输入 23 代表 Linux root (x86-64) 类型
Changed type of partition 'Linux filesystem' to 'Linux root (x86-64)'.

Command (m for help): n  # 输入 n 创建新的分区，这个分区将是 home 分区
Partition number (6-128, default 6):   # 保持默认
First sector (252225536-315831057, default 252225536):   # 保持默认
Last sector, +/-sectors or +/-size{K,M,G,T,P} (252225536-315831057, default 315831057):   # 保持默认，将剩余空间全部分给 home 分区

Created a new partition 6 of type 'Linux filesystem' and of size 30.3 GiB.

Command (m for help): t  # 输入 t 改变分区类型
Partition number (1-6, default 6):   # 保持默认
Partition type or alias (type L to list all): 42  # 输入 42 代表 Linux home 类型
Changed type of partition 'Linux filesystem' to 'Linux home'.

Command (m for help): p  # 输入 p 打印分区表，请检查分区是否有误，如果有误，请输入 q 直接退出

Disk /dev/sda: 150.6 GiB, 161705518592 bytes, 315831091 sectors
Disk model: xxx
Units: sectors of 1 * 512 = 512 bytes
Sector size (logical/physical): 512 bytes / 4096 bytes
I/O size (minimum/optimal): 4096 bytes / 4096 bytes
Disklabel type: gpt
Disk identifier: xxxxxxxx-xxxx-xxxx-xxxx-xxxxxxxxxxxx

Device        Start        End   Sectors   Size  Type
/dev/sda1      2048     534527    532480   260M  EFI System
/dev/sda2    534528     567295     32768    16M  Microsoft reserved
/dev/sda3    567296  105424895 104857600    50G  Microsoft basic data
/dev/sda4 105424896  210282495 104857600    50G  Microsoft basic data
/dev/sda5 210282496  252225535  41943040    50G  Linux root (x86-64)
/dev/sda6 252225536  315830271  63604736  30.3G  Linux home

Command (m for help): w  # 输入 w 写入分区表，该操作不可恢复
The partition table has been altered.
Calling ioctl() to re-read partition table.
Syncing disks.
```

### 1.5.分区格式化

```text
mkfs.ext4 /dev/sda2
引导分区
mkfs.fat -F 32 /dev/sda1
```

### 1.6.挂载分区

创建并挂载目录

```text
mount /dev/nvme0n1p2 /mnt
mount --mkdir /dev/nvme0n1p3 /mnt/home
mount --mkdir /dev/nvme0n1p1 /mnt/boot

```

### 1.7.建立交换分区

推荐分区大小

| 内存大小           | 2 GiB    | 4 GiB    | 8 GiB    | 16 GiB    | 32 GiB    | 64 GiB    |
| ------------------ | -------- | -------- | -------- | --------- | --------- | --------- |
| 推荐的交换文件大小 | 4096 MiB | 5793 MiB | 8192 MiB | 11585 MiB | 16384 MiB | 23170 MiB |

```text
dd if=/dev/zero of=/mnt/swapfile bs=1M count=8192 status=progress
```

修改权限

```text
chmod 0600 /mnt/swapfile
```

格式化并启用 swap。

```text
mkswap -U clear /mnt/swapfile
swapon /mnt/swapfile
```

## 2.安装

### 2.1.选择镜像仓库

```text
reflector -p https -c China --delay 3 --completion-percent 95 --sort rate --save /etc/pacman.d/mirrorlist

pacman-key --init  # 初始化密钥环
pacman-key --populate
pacman -Sy archlinux-keyring  # 更新 archlinux-keyring
```

### 2.2.安装基础包

```text
pacstrap /mnt base linux linux-firmware vi sudo vim networkmanager base-devel
```

### 2.3.自动挂载分区

```text
genfstab -U /mnt >> /mnt/etc/fstab
```

### 2.4.chroot

我们使用 arch-chroot 工具切换到新安装的系统，以后的操作就可以在新安装的系统中完成了。

```text
arch-chroot /mnt
```

### 2.5.时区

```text
ln -sf /usr/share/zoneinfo/Asia/Shanghai /etc/localtime
hwclock --systohc
```

### 2.6.本地化

```text
vim /etc/locale.gen
--------------------begen 取消以下几行注释
en_US.UTF-8 UTF-8
zh_CN.UTF-8 UTF-8
--------------------end
locale-gen
echo "LANG=en_US.UTF-8" > /etc/locale.conf
```

### 2.7 网络配置

```text
# 配置主机名
echo "nianyi" > /etc/hostname
# 开机启动网络管理器
systemctl enable NetworkManager.service
```

### 2.8 设置root密码

```text
passwd
```

### 安装微码 核显驱动

```text
pacman -S amd-ucode
pacman -S intel-ucode
```

### 安装引导程序

```text
pacman -S gruefibootmgr
grub-install --target=x86_64-efi --efi-directory=/boot --bootloader-id=GRUB
grub-mkconfig -o /boot/grub/grub.cfg
```

### 重启

```text
# 退出chroot环境
exit
# 关闭交换文件
swapoff /mnt/swapfile
# 取消挂载 /mnt
umount -R /mnt
# 重启
reboot
```
